// Jest Snapshot v1, https://goo.gl/fbAQLP

exports[`snapshot 1`] = `
<View>
  <View
    style={
      Object {
        "alignItems": "center",
        "flexDirection": "column",
        "height": "35%",
        "justifyContent": "center",
        "paddingBottom": 15,
        "paddingTop": 15,
        "width": "100%",
      }
    }
  >
    <Image
      source={1}
      style={
        Object {
          "borderRadius": 100,
          "height": "80%",
          "width": "40%",
        }
      }
    />
  </View>
  <View
    style={
      Object {
        "alignItems": "center",
        "backgroundColor": "rgba(52, 52, 52, 0.55)",
        "borderRadius": 5,
        "flexDirection": "column",
        "height": "50%",
        "justifyContent": "center",
        "marginHorizontal": "5%",
        "width": "90%",
      }
    }
  >
    <TextInput
      allowFontScaling={true}
      onChangeText={[Function]}
      placeholder="Email"
      placeholderTextColor="#fff"
      rejectResponderTermination={true}
      style={
        Object {
          "alignSelf": "center",
          "borderBottomWidth": 1,
          "borderColor": "#ccc",
          "color": "#fff",
          "marginBottom": 15,
          "paddingBottom": 15,
          "paddingLeft": 8,
          "paddingTop": 15,
          "textShadowColor": "#fff",
          "width": "100%",
        }
      }
      underlineColorAndroid="transparent"
      value=""
    />
    <TextInput
      allowFontScaling={true}
      maxLength={15}
      onChangeText={[Function]}
      placeholder="Password"
      placeholderTextColor="#fff"
      rejectResponderTermination={true}
      secureTextEntry={true}
      style={
        Object {
          "alignSelf": "center",
          "borderBottomWidth": 1,
          "borderColor": "#ccc",
          "color": "#fff",
          "marginBottom": 15,
          "paddingBottom": 15,
          "paddingLeft": 8,
          "paddingTop": 15,
          "textShadowColor": "#fff",
          "width": "100%",
        }
      }
      underlineColorAndroid="transparent"
      value=""
    />
    <View
      accessible={true}
      focusable={true}
      onClick={[Function]}
      onResponderGrant={[Function]}
      onResponderMove={[Function]}
      onResponderRelease={[Function]}
      onResponderTerminate={[Function]}
      onResponderTerminationRequest={[Function]}
      onStartShouldSetResponder={[Function]}
      style={
        Object {
          "alignContent": "center",
          "backgroundColor": "#8FD14F",
          "borderRadius": 5,
          "marginTop": 10,
          "opacity": 1,
          "paddingHorizontal": 12,
          "paddingVertical": 10,
          "width": "40%",
        }
      }
    >
      <Text
        onPress={[Function]}
        style={
          Object {
            "alignSelf": "center",
            "color": "#FFFEF2",
            "fontSize": 18,
            "fontWeight": "bold",
          }
        }
      >
        Sign In
      </Text>
    </View>
    <Text
      onPress={[Function]}
      style={
        Object {
          "color": "#fff",
          "marginTop": 25,
          "textAlign": "center",
        }
      }
    >
      Don't have an account? Click here to sign up
    </Text>
    <Text
      onPress={[Function]}
      style={
        Object {
          "color": "#fff",
          "marginTop": 25,
          "textAlign": "center",
        }
      }
    >
      Forgot your password? Reset here
    </Text>
  </View>
</View>
`;
